git/github 

GitHub
账号：topdba-jiale
密码：focuszjl2013
邮箱:lele19880627@163.com



-- git的发展历史
关键字和时间线：
Linus Linux代码管理 CVS/SVN 商业BitKeeper Git 分布式版本控制系统

-- 安装
Ubuntu Linux:apt-get install git
CentOS Linux:yum install git
MacOS:brew install git


(base) jialeMacBook-Pro:~ bssm$ git config --global user.name "topdba-jiale"   
(base) jialeMacBook-Pro:~ bssm$ git config --global user.email "lele19880627@163.com"

-- 创建空目录并初始化仓库
(base) jialeMacBook-Pro:~ bssm$ mkdir tech_property
(base) jialeMacBook-Pro:~ bssm$ cd tech_property/
(base) jialeMacBook-Pro:tech_property bssm$ git init
Initialized empty Git repository in /Users/bssm/tech_property/.git/

(base) jialeMacBook-Pro:tech_property bssm$ vi readme.txt
(base) jialeMacBook-Pro:tech_property bssm$ git add readme.txt 
(base) jialeMacBook-Pro:tech_property bssm$ git commit -m "wrote a readme file"
[master (root-commit) dd58d3a] wrote a readme file
 1 file changed, 2 insertions(+)
 create mode 100644 readme.txt

-- 查看git仓库当前的状态
(base) jialeMacBook-Pro:tech_property bssm$ git status
On branch master
nothing to commit, working tree clean
(base) jialeMacBook-Pro:tech_property bssm$ vi readme.txt  -- 修改readme文件


(base) jialeMacBook-Pro:tech_property bssm$ git status
On branch master
Changes not staged for commit:
  (use "git add <file>..." to update what will be committed)
  (use "git checkout -- <file>..." to discard changes in working directory)

        modified:   readme.txt

no changes added to commit (use "git add" and/or "git commit -a")


-- 如果有发现修改变动，可通过对比差异
(base) jialeMacBook-Pro:tech_property bssm$ git diff
diff --git a/readme.txt b/readme.txt
index 46d49bf..9247db6 100644
--- a/readme.txt
+++ b/readme.txt
@@ -1,2 +1,2 @@
-Git is a version control system.
+Git is a distributed version control system.
 Git is free software.

(base) jialeMacBook-Pro:tech_property bssm$ git add readme.txt 
(base) jialeMacBook-Pro:tech_property bssm$ git status
On branch master
Changes to be committed:
  (use "git reset HEAD <file>..." to unstage)

        modified:   readme.txt

(base) jialeMacBook-Pro:tech_property bssm$ git commit -m "add distributed"
[master 9cbe2e8] add distributed
 1 file changed, 1 insertion(+), 1 deletion(-)

-- 时刻掌握工作区的状态
(base) jialeMacBook-Pro:tech_property bssm$ git status
On branch master
nothing to commit, working tree clean

-- git log命令显示从最近到最远的提交日志
(base) jialeMacBook-Pro:tech_property bssm$ git log
commit 9cbe2e8fbe7526eeb8bfa04953f299413e5f2adf (HEAD -> master)
Author: topdba-jiale <lele19880627@163.com>
Date:   Wed Jul 29 10:00:03 2020 +0800

    add distributed

commit dd58d3aac5a1df7ea16152822ff41bf2ab44d2c3
Author: topdba-jiale <lele19880627@163.com>
Date:   Wed Jul 29 09:49:41 2020 +0800

    wrote a readme file

-- git log --pretty=oneline 避免输出信息太多，以友好的方式查看记录。
(base) jialeMacBook-Pro:tech_property bssm$ git log --pretty=oneline
9cbe2e8fbe7526eeb8bfa04953f299413e5f2adf (HEAD -> master) add distributed
dd58d3aac5a1df7ea16152822ff41bf2ab44d2c3 wrote a readme file


-- 通过git reset 回退到上一个版本
(base) jialeMacBook-Pro:tech_property bssm$ git reset --hard HEAD~
HEAD is now at dd58d3a wrote a readme file
(base) jialeMacBook-Pro:tech_property bssm$ git status
On branch master
nothing to commit, working tree clean
(base) jialeMacBook-Pro:tech_property bssm$ cat readme.txt 
Git is a version control system.
Git is free software.


-- 也可追溯到未来某个版本（前提是命令行窗口未关闭，还能看到commit id信息）
(base) jialeMacBook-Pro:tech_property bssm$ git reset --hard 9cbe2e8
HEAD is now at 9cbe2e8 add distributed
(base) jialeMacBook-Pro:tech_property bssm$ cat readme.txt 
Git is a distributed version control system.
Git is free software.
(base) jialeMacBook-Pro:tech_property bssm$ git status
On branch master
nothing to commit, working tree clean

-- 记录你的每一次命令
(base) jialeMacBook-Pro:tech_property bssm$ git reflog
9cbe2e8 (HEAD -> master) HEAD@{0}: reset: moving to 9cbe2e8
dd58d3a HEAD@{1}: reset: moving to HEAD~
9cbe2e8 (HEAD -> master) HEAD@{2}: commit: add distributed
dd58d3a HEAD@{3}: commit (initial): wrote a readme file

-- 如下演示 文件修改已add(即放入暂存区)，想撤回修改，怎么办。
(base) jialeMacBook-Pro:tech_property bssm$ cat readme.txt -- 追加一行
Git is a distributed version control system.
Git is free software.
Boss is stupid man

(base) jialeMacBook-Pro:tech_property bssm$ git add readme.txt 
(base) jialeMacBook-Pro:tech_property bssm$ git status
On branch master
Changes to be committed:
  (use "git reset HEAD <file>..." to unstage)

        modified:   readme.txt

-- 把暂存区的修改撤销掉（unstage）
(base) jialeMacBook-Pro:tech_property bssm$ git reset HEAD readme.txt
Unstaged changes after reset:
M       readme.txt

(base) jialeMacBook-Pro:tech_property bssm$ git status
On branch master
Changes not staged for commit:
  (use "git add <file>..." to update what will be committed)
  (use "git checkout -- <file>..." to discard changes in working directory)

        modified:   readme.txt

no changes added to commit (use "git add" and/or "git commit -a")

-- 丢弃工作区的修改.（如果没有放入暂存区，即没有add ，就不需要git reset）
(base) jialeMacBook-Pro:tech_property bssm$ git checkout -- readme.txt
(base) jialeMacBook-Pro:tech_property bssm$ cat readme.txt 
Git is a distributed version control system.
Git is free software.
(base) jialeMacBook-Pro:tech_property bssm$ git status
On branch master
nothing to commit, working tree clean






-----------
jialeMacBook-Pro:.ssh root# ssh-keygen -t rsa -C "lele19880627@163.com"
Generating public/private rsa key pair.
Enter file in which to save the key (/var/root/.ssh/id_rsa): 
Enter passphrase (empty for no passphrase): 
Enter same passphrase again: 
Your identification has been saved in /var/root/.ssh/id_rsa.
Your public key has been saved in /var/root/.ssh/id_rsa.pub.
The key fingerprint is:
SHA256:50v3/WIGa5RFzWFrXZnhh5KaKVx5sBIHd2gsqxDxqyA lele19880627@163.com
The key's randomart image is:
+---[RSA 2048]----+
|    ..  oo+..  **|
|    ..  .++= .++*|
|     .. .++ +..+o|
|    .  o.o = .o .|
|E .  ...S =  o   |
| . . ..  +  +    |
|    .     o..o   |
|         . oo.+. |
|          .. o..+|
+----[SHA256]-----+
jialeMacBook-Pro:.ssh root# ls -la
total 24
drwx------   5 root  wheel   160  7 29 10:55 .
drwxr-x---  17 root  wheel   544  4  9 17:26 ..
-rw-------   1 root  wheel  1831  7 29 10:55 id_rsa
-rw-r--r--   1 root  wheel   402  7 29 10:55 id_rsa.pub
-rw-r--r--   1 root  wheel   585 12  4  2019 known_hosts

-- 查看公钥，并粘贴到github账号 SSHkey内
jialeMacBook-Pro:.ssh root# cat id_rsa.pub 
ssh-rsa AAAAB3NzaC1yc2EAAAADAQABAAABAQC8VvctI2w6vywIkJT2vaIViGkgMA5CsPIpPqlk1DytqdxRogQgI8GuAiwyVxSaI9MXsfC/S0RTyrRpOHXYOOCoZ7Z4F3uKUXVzMqQVa6vLs5ckdWQUXmtFLFDkyhTbQn/G13l6j+aS0tjnGIwzcC7H35O8Bx1RtzdgrMWSRRz7GtTnZ1+N1UtRTqzuxUbdO2iifXWG5P58RAUzxT8pDj7Un6Yia0LegEcCahgjBYR5309fmBDkhnyzhtT6VkaF5Kz+Vq247D9gPnP5Tz7zdnDvbyj8pXEazyHI7tAYIg2hunCw3D3YQmFFbEFo9oOez4tFFUABEJVUVCRn2TNt654j lele19880627@163.com


-- 登陆github创建 new repository
-- 本地关联远程仓库
jialeMacBook-Pro:tech_property root# git remote add origin https://github.com/topdba-jiale/tech_property.git
jialeMacBook-Pro:tech_property root#  git push -u origin master
Username for 'https://github.com': topdba-jiale
Password for 'https://topdba-jiale@github.com': 
Enumerating objects: 6, done.
Counting objects: 100% (6/6), done.
Delta compression using up to 8 threads
Compressing objects: 100% (4/4), done.
Writing objects: 100% (6/6), 542 bytes | 542.00 KiB/s, done.
Total 6 (delta 0), reused 0 (delta 0)
To https://github.com/topdba-jiale/tech_property.git
 * [new branch]      master -> master
Branch 'master' set up to track remote branch 'master' from 'origin'.

-- 本地添加文件并上传到远程仓库。（操作完成后，可查看github账号是否已同步）
jialeMacBook-Pro:tech_property root# mkdir auto
jialeMacBook-Pro:tech_property root# cd auto/
jialeMacBook-Pro:auto root# rz -be 
rz waiting to receive.
Starting zmodem transfer.  Press Ctrl+C to cancel.
Transferring mysql_remould.sh...
  100%       3 KB       3 KB/sec    00:00:01       0 Errors  

jialeMacBook-Pro:auto root# pwd
/Users/bssm/tech_property/auto
jialeMacBook-Pro:auto root# ls -la
total 8
drwxr-xr-x  3 root  staff    96  7 29 11:26 .
drwxr-xr-x  5 bssm  staff   160  7 29 11:26 ..
-rw-r--r--  1 root  staff  3787  7 28 10:19 mysql_remould.sh
jialeMacBook-Pro:auto root# git add mysql_remould.sh 
jialeMacBook-Pro:auto root# git status
On branch master
Your branch is up to date with 'origin/master'.

Changes to be committed:
  (use "git reset HEAD <file>..." to unstage)

        new file:   mysql_remould.sh

jialeMacBook-Pro:auto root# git commit -m "add remould shell script for qunje"
[master 934e3c5] add remould shell script for qunje
 Committer: System Administrator <root@jialeMacBook-Pro.local>
Your name and email address were configured automatically based
on your username and hostname. Please check that they are accurate.
You can suppress this message by setting them explicitly. Run the
following command and follow the instructions in your editor to edit
your configuration file:

    git config --global --edit

After doing this, you may fix the identity used for this commit with:

    git commit --amend --reset-author

 1 file changed, 101 insertions(+)
 create mode 100644 auto/mysql_remould.sh
jialeMacBook-Pro:auto root# git status
On branch master
Your branch is ahead of 'origin/master' by 1 commit.
  (use "git push" to publish your local commits)

nothing to commit, working tree clean

-- 把本地master分支的最新修改推送至GitHub
jialeMacBook-Pro:auto root# git push origin master
Enumerating objects: 5, done.
Counting objects: 100% (5/5), done.
Delta compression using up to 8 threads
Compressing objects: 100% (3/3), done.
Writing objects: 100% (4/4), 1.70 KiB | 1.70 MiB/s, done.
Total 4 (delta 0), reused 0 (delta 0)
To https://github.com/topdba-jiale/tech_property.git
   9cbe2e8..934e3c5  master -> master


-- 此时即可通过任意客户端克隆（下载）你远程仓库的文件了。
[root@192 ~]# git clone https://github.com/topdba-jiale/tech_property.git
Cloning into 'tech_property'...
remote: Enumerating objects: 10, done.
remote: Counting objects: 100% (10/10), done.
remote: Compressing objects: 100% (7/7), done.
remote: Total 10 (delta 0), reused 10 (delta 0), pack-reused 0
Unpacking objects: 100% (10/10), done.


-- 在上传超过100MB文件时会报错，可通过调大postbuffer
jialeMacBook-Pro:install_mysql root# git config --local http.postBuffer 10024288000
jialeMacBook-Pro:install_mysql root# git push origin master --force                
Enumerating objects: 20, done.
Counting objects: 100% (20/20), done.
Delta compression using up to 8 threads
Compressing objects: 100% (17/17), done.
Writing objects: 100% (18/18), 681.49 MiB | 182.30 MiB/s, done.
Total 18 (delta 2), reused 1 (delta 0)
remote: Resolving deltas: 100% (2/2), done.
remote: error: GH001: Large files detected. You may want to try Git Large File Storage - https://git-lfs.github.com.
remote: error: Trace: 4d179b63307d917a59d54125ef8f45a4
remote: error: See http://git.io/iEPt8g for more information.
remote: error: File auto/install_mysql/mysql-5.7.28-linux-glibc2.12-x86_64.tar.gz is 691.10 MB; this exceeds GitHub's file size limit of 100.00 MB
To https://github.com/topdba-jiale/tech_property.git
 ! [remote rejected] master -> master (pre-receive hook declined)
error: failed to push some refs to 'https://github.com/topdba-jiale/tech_property.git'



jialeMacBook-Pro:tech_property root# git filter-branch --tree-filter 'rm -rf auto/install_mysql/mysql-5.7.28-linux-glibc2.12-x86_64.tar.gz' HEAD
Rewrite a288a38b5efc42bb159724fcbd0d43bd651d1620 (9/9) (13 seconds passed, remaining 0 predicted)    
Ref 'refs/heads/master' was rewritten
jialeMacBook-Pro:tech_property root# git push
To https://github.com/topdba-jiale/tech_property.git
 ! [rejected]        master -> master (non-fast-forward)
error: failed to push some refs to 'https://github.com/topdba-jiale/tech_property.git'
hint: Updates were rejected because the tip of your current branch is behind
hint: its remote counterpart. Integrate the remote changes (e.g.
hint: 'git pull ...') before pushing again.
hint: See the 'Note about fast-forwards' in 'git push --help' for details.
jialeMacBook-Pro:tech_property root# git pull
Already up to date!
Merge made by the 'recursive' strategy.
jialeMacBook-Pro:tech_property root# git pull
Already up to date.
jialeMacBook-Pro:tech_property root# git push
Enumerating objects: 22, done.
Counting objects: 100% (22/22), done.
Delta compression using up to 8 threads
Compressing objects: 100% (20/20), done.
Writing objects: 100% (20/20), 660.01 KiB | 20.63 MiB/s, done.
Total 20 (delta 3), reused 0 (delta 0)
remote: Resolving deltas: 100% (3/3), done.
To https://github.com/topdba-jiale/tech_property.git
   c311d2e..9501569  master -> master




